Starting project at C:\Movil\Movil\licostock\frontend
Starting Metro Bundler
Tunnel connected.
Tunnel ready.
The following packages should be updated for best compatibility with the installed expo version:
  react-native@0.81.0 - expected version: 0.81.5
Your project may not work correctly until you install the expected versions of the packages.
Waiting on http://localhost:8083
Logs for your project will appear below.
Tunnel connection has been closed. This is often related to intermittent connection issues between the dev server and ngrok. Restart the dev server to try connecting to ngrok again.
Check the Ngrok status page for outages: https://status.ngrok.com/
Tunnel connected.
Web .\index.js ░░░░░░░░░░░░░░░░  0.0% (0/1)
Web .\index.js ▓▓▓▓▓░░░░░░░░░░░ 33.3% (15/34)
Web .\index.js ▓▓▓▓▓▓▓▓▓▓░░░░░░ 64.8% ( 99/177)
Web .\index.js ▓▓▓▓▓▓▓▓▓▓░░░░░░ 64.8% (208/371)
Web .\index.js ▓▓▓▓▓▓▓▓▓▓░░░░░░ 64.8% (402/541)
Web .\index.js ▓▓▓▓▓▓▓▓▓▓▓▓░░░░ 78.9% (583/661)
Web Bundled 19783ms index.js (725 modules)
 LOG  [web] Logs will appear in the browser console
Tunnel connection has been closed. This is often related to intermittent connection issues between the dev server and ngrok. Restart the dev server to try connecting to ngrok again.
Check the Ngrok status page for outages: https://status.ngrok.com/
Tunnel connected.
Tunnel connection has been closed. This is often related to intermittent connection issues between the dev server and ngrok. Restart the dev server to try connecting to ngrok again.
Check the Ngrok status page for outages: https://status.ngrok.com/
Tunnel connected.
Tunnel connection has been closed. This is often related to intermittent connection issues between the dev server and ngrok. Restart the dev server to try connecting to ngrok again.
Check the Ngrok status page for outages: https://status.ngrok.com/
Tunnel connected.
Tunnel connection has been closed. This is often related to intermittent connection issues between the dev server and ngrok. Restart the dev server to try connecting to ngrok again.
Check the Ngrok status page for outages: https://status.ngrok.com/
Tunnel connected.
